WAV: docs/references/captures_external_bs_2026-04-25/baseband_382468718Hz_00-11-50_25-04-2026.wav  sr=1536000  dur=17.73s
  freq offset: +518869.9 Hz (π/4-DQPSK passband centroid)
  sps=7.758
  3 bursts detected
  scrambler init: 0x4183F207 (CC=1 MCC=262 MNC=1010)

    #   time_s  corrX    A_mrad    B_mrad  CRC        PDU bytes[0:6]
    0   11.359  0.997    -47.77     +0.00   OK     schhu_12+s  01 41 7F A7 01 12
    1   11.414  0.998    +10.74     +0.00   OK     schhu_12+s  D4 1C 3C 02 40 50
    2   11.525  0.996    -18.35     +0.00   OK     schhu_12+s  41 41 7F A4 63 40

=== SCH/HU CRC-pass: 3 / 3 ===

=== Descrambled type-5 (168 bit) match vs burst #0 ===
  #  0: 100.0%  hex[0:12]=4F D9 08 13 6E 81 B7 26 A2 DC CA AE
  #  1:  44.0%  hex[0:12]=13 0F 76 39 72 4B 18 F8 65 C2 10 4A
  #  2:  59.5%  hex[0:12]=C0 D1 6D 12 F5 8C 7F 4A A4 EC CD 6C

=== Decoded MAC-ACCESS PDU (92 bits) ===
  #0: 01 41 7F A7 01 12 66 34 20 C1 22 60
      pdu=0 fill=0 enc=0 addr=Ssi(ISSI) ssi=2633716 frag=1 res_req=0 LLC=BL-DATA(NS=0) MLE=MM/U-CK-CHG-ANSWER DirectMM=U-AUTH mode=llc_mle
      parsed={'pdu_type': 0, 'fill_bit': 0, 'encrypted': 0, 'addr_type': 0, 'addr_type_name': 'Ssi(ISSI)', 'ssi': 2633716, 'optional_field_flag': 1, 'frag_flag': 1, 'reservation_req': 0, 'payload_start': 36, 'llc': {'llc_type': 1, 'llc_type_name': 'BL-DATA', 'ns': 0, 'payload_start': 41}, 'mle': {'mle_disc': 1, 'mle_disc_name': 'MM', 'mm_type': 2, 'mm_name': 'U-CK-CHG-ANSWER', 'mm': {}, 'payload_start': 48}, 'direct_mm': {'mm_type': 1, 'mm_name': 'U-AUTH', 'mm': {}, 'payload_start': 40}, 'decoded_mode': 'llc_mle'}
  #1: D4 1C 3C 02 40 50 2F 4D 61 20 00 00
      pdu=1 fill=1
      parsed={'pdu_type': 1, 'fill_bit': 1, 'mac_top_nibble': 3}
  #2: 41 41 7F A4 63 40 41 41 7F A4 08 00
      pdu=0 fill=1 enc=0 addr=Ssi(ISSI) ssi=2633716 LI=6 LLC=BL-ACK(NR=0) MLE=SNDCP DirectMM=U-ENABLE mode=llc_mle
      parsed={'pdu_type': 0, 'fill_bit': 1, 'encrypted': 0, 'addr_type': 0, 'addr_type_name': 'Ssi(ISSI)', 'ssi': 2633716, 'optional_field_flag': 1, 'length_ind': 6, 'payload_start': 36, 'llc': {'llc_type': 3, 'llc_type_name': 'BL-ACK', 'nr': 0, 'payload_start': 41}, 'mle': {'mle_disc': 4, 'mle_disc_name': 'SNDCP', 'payload_start': 44}, 'direct_mm': {'mm_type': 3, 'mm_name': 'U-ENABLE', 'mm': {}, 'payload_start': 40}, 'decoded_mode': 'llc_mle'}
